[www.dea.gov/fugitives/nemesio-oseguera-cervantes.html]
[s.pinimg.com/ct/core.js]
[backblue.gif]
[fade.gif]
[index.html]
[www.dea.gov/sites/default/files/2021-04/usdea_logo.png]
[www.dea.gov/themes/custom/ohana/src/favicon.png]
[www.dea.gov/themes/contrib/stable/css/system/components/ajax-progress.modulee71b.css]
[www.dea.gov/themes/contrib/stable/css/system/components/align.modulee71b.css]
[www.dea.gov/themes/contrib/stable/css/system/components/autocomplete-loading.modulee71b.css]
[www.dea.gov/themes/contrib/stable/css/system/components/fieldgroup.modulee71b.css]
[www.dea.gov/themes/contrib/stable/css/system/components/container-inline.modulee71b.css]
[www.dea.gov/themes/contrib/stable/css/system/components/clearfix.modulee71b.css]
[www.dea.gov/themes/contrib/stable/css/system/components/details.modulee71b.css]
[www.dea.gov/themes/contrib/stable/css/system/components/hidden.modulee71b.css]
[www.dea.gov/themes/contrib/stable/css/system/components/item-list.modulee71b.css]
[www.dea.gov/themes/contrib/stable/css/system/components/js.modulee71b.css]
[www.dea.gov/themes/contrib/stable/css/system/components/nowrap.modulee71b.css]
[www.dea.gov/themes/contrib/stable/css/system/components/position-container.modulee71b.css]
[www.dea.gov/themes/contrib/stable/css/system/components/progress.modulee71b.css]
[www.dea.gov/themes/contrib/stable/css/system/components/reset-appearance.modulee71b.css]
[www.dea.gov/themes/contrib/stable/css/system/components/resize.modulee71b.css]
[www.dea.gov/themes/contrib/stable/css/system/components/sticky-header.modulee71b.css]
[www.dea.gov/themes/contrib/stable/css/system/components/system-status-countere71b.css]
[www.dea.gov/themes/contrib/stable/css/system/components/system-status-report-counterse71b.css]
[www.dea.gov/themes/contrib/stable/css/system/components/system-status-report-general-infoe71b.css]
[www.dea.gov/themes/contrib/stable/css/system/components/tabledrag.modulee71b.css]
[www.dea.gov/themes/contrib/stable/css/system/components/tablesort.modulee71b.css]
[www.dea.gov/themes/contrib/stable/css/system/components/tree-child.modulee71b.css]
[www.dea.gov/modules/contrib/extlink/extlinke71b.css]
[cdnjs.cloudflare.com/ajax/libs/jQuery.mmenu/9.3.0/mmenu.min.css]
[www.dea.gov/themes/custom/ohana/dist/css/uswds.mine71b.css]
[www.dea.gov/themes/custom/ohana/dist/css/stylese71b.css]
[www.dea.gov/core/assets/vendor/modernizr/modernizr.minad3d.js]
[use.fontawesome.com/releases/v6.4.0/js/all.js]
[use.fontawesome.com/releases/v6.4.0/js/v4-shims.js]
[www.dea.gov/themes/custom/ohana/dist/img/us_flag_small.png]
[www.dea.gov/fugitives/all.html]
[www.dea.gov/sites/default/files/2020-03/cervantes[1].jpg]
[www.dea.gov/themes/custom/ohana/dist/img/share_facebook2x.png]
[www.dea.gov/themes/custom/ohana/dist/img/dea-x-icon-bottom.png]
[www.dea.gov/themes/custom/ohana/dist/img/share_email2x.png]
[www.dea.gov/core/assets/vendor/jquery/jquery.mind734.js]
[www.dea.gov/core/assets/vendor/once/once.minf700.js]
[www.dea.gov/core/misc/drupalSettingsLoaderbe28.js]
[www.dea.gov/core/misc/drupalbe28.js]
[www.dea.gov/core/misc/drupal.initbe28.js]
[www.dea.gov/core/misc/debouncebe28.js]
[www.dea.gov/core/assets/vendor/tabbable/index.umd.min0559.js]
[cdnjs.cloudflare.com/ajax/libs/jQuery.mmenu/9.3.0/mmenu.polyfills.min.js]
[cdnjs.cloudflare.com/ajax/libs/jQuery.mmenu/9.3.0/mmenu.min.js]
[siteimproveanalytics.com/js/siteanalyze_6018802.js]
[cdnjs.cloudflare.com/ajax/libs/clipboard.js/1.5.3/clipboard.min.js]
[www.dea.gov/themes/custom/ohana/dist/vendor/uswds-init.minbe28.js]
[www.dea.gov/themes/custom/ohana/dist/vendor/uswds.minbe28.js]
[www.dea.gov/themes/custom/ohana/dist/js/languagefixbe28.js]
[www.dea.gov/themes/custom/ohana/dist/js/mm-menube28.js]
[www.dea.gov/themes/custom/ohana/dist/js/citationbe28.js]
[www.dea.gov/themes/custom/ohana/dist/js/nav-menube28.js]
[www.dea.gov/themes/custom/ohana/dist/js/dea-flexsliderbe28.js]
[www.dea.gov/themes/custom/ohana/dist/js/accordionbe28.js]
[dap.digitalgov.gov/Universal-Federated-Analytics-Min2735.js]
[www.dea.gov/modules/contrib/extlink/extlinkbe28.js]
[www.dea.gov/modules/contrib/google_tag/js/gtme71b.js]
[www.dea.gov/modules/contrib/google_tag/js/gtage71b.js]
[www.dea.gov/core/misc/progressbe28.js]
[www.dea.gov/core/assets/vendor/loadjs/loadjs.min78ce.js]
[www.dea.gov/core/misc/announcebe28.js]
[www.dea.gov/core/misc/messagebe28.js]
[www.dea.gov/core/misc/ajaxbe28.js]
[www.dea.gov/themes/contrib/stable/js/ajaxbe28.js]
[www.dea.gov/modules/contrib/google_tag/js/gtag.ajaxe71b.js]
[www.dea.gov/fugitives/nemesio-oseguera-cervantes.html]
[www.dea.gov/themes/contrib/stable/images/core/throbber-active.gif]
[www.dea.gov/themes/contrib/stable/images/core/loading-small.gif]
[www.dea.gov/themes/contrib/stable/css/system/components/ajax-progress.modulee71b.css]
[www.dea.gov/themes/contrib/stable/css/system/components/align.modulee71b.css]
[www.dea.gov/themes/contrib/stable/images/core/throbber-inactive.png]
[www.dea.gov/themes/contrib/stable/css/system/components/autocomplete-loading.modulee71b.css]
[www.dea.gov/themes/contrib/stable/css/system/components/fieldgroup.modulee71b.css]
[www.dea.gov/themes/contrib/stable/css/system/components/container-inline.modulee71b.css]
[www.dea.gov/themes/contrib/stable/css/system/components/clearfix.modulee71b.css]
[www.dea.gov/themes/contrib/stable/css/system/components/details.modulee71b.css]
[www.dea.gov/themes/contrib/stable/css/system/components/hidden.modulee71b.css]
[www.dea.gov/themes/contrib/stable/css/system/components/item-list.modulee71b.css]
[www.dea.gov/themes/contrib/stable/css/system/components/js.modulee71b.css]
[www.dea.gov/themes/contrib/stable/css/system/components/nowrap.modulee71b.css]
[www.dea.gov/themes/contrib/stable/css/system/components/position-container.modulee71b.css]
[www.dea.gov/themes/contrib/stable/css/system/components/progress.modulee71b.css]
[www.dea.gov/themes/contrib/stable/css/system/components/reset-appearance.modulee71b.css]
[www.dea.gov/themes/contrib/stable/css/system/components/resize.modulee71b.css]
[www.dea.gov/themes/contrib/stable/css/system/components/sticky-header.modulee71b.css]
[www.dea.gov/themes/contrib/stable/css/system/components/system-status-countere71b.css]
[www.dea.gov/themes/contrib/stable/css/system/components/system-status-report-counterse71b.css]
[www.dea.gov/themes/contrib/stable/css/system/components/system-status-report-general-infoe71b.css]
[www.dea.gov/themes/contrib/stable/css/system/components/tabledrag.modulee71b.css]
[www.dea.gov/themes/contrib/stable/css/system/components/tablesort.modulee71b.css]
[www.dea.gov/themes/contrib/stable/images/core/tree.png]
[www.dea.gov/themes/contrib/stable/images/core/tree-bottom.png]
[www.dea.gov/themes/contrib/stable/css/system/components/tree-child.modulee71b.css]
[www.dea.gov/modules/contrib/extlink/extlinke71b.css]
[cdnjs.cloudflare.com/ajax/libs/jQuery.mmenu/9.3.0/mmenu.min.css]
[www.dea.gov/themes/custom/ohana/dist/img/hero.png]
[www.dea.gov/themes/custom/ohana/dist/css/uswds.mine71b.css]
[www.dea.gov/themes/custom/ohana/dist/img/dea-carousel-next-arrow.png]
[www.dea.gov/themes/custom/ohana/dist/img/dea-carousel-prev-arrow.png]
[www.dea.gov/themes/custom/ohana/dist/img/dea-hero-overlay-bg.jpg]
[www.dea.gov/themes/custom/ohana/dist/img/dea-50th-seal.png]
[www.dea.gov/themes/custom/ohana/dist/img/dea-red-psa-mobile-bg.png]
[www.dea.gov/themes/custom/ohana/dist/img/dea-psa-red-bg.png]
[www.dea.gov/themes/custom/ohana/dist/css/stylese71b.css]
[www.dea.gov/themes/contrib/stable/css/views/views.modulee71b.css]
[www.dea.gov/modules/contrib/paragraphs/css/paragraphs.unpublishede71b.css]
[www.dea.gov/modules/contrib/facets/css/checkbox-widgete71b.css]
[www.dea.gov/fugitives/all212e.html]
[www.dea.gov/fugitives/all2d9e.html]
[www.dea.gov/fugitives/all62a9.html]
[www.dea.gov/fugitives/all152e.html]
[www.dea.gov/fugitives/all7384.html]
[www.dea.gov/fugitives/all07a6.html]
[www.dea.gov/fugitives/all67b9.html]
[www.dea.gov/fugitives/allc06e.html]
[www.dea.gov/fugitives/allb580.html]
[www.dea.gov/fugitives/all827c.html]
[www.dea.gov/fugitives/alle79d.html]
[www.dea.gov/fugitives/alld359.html]
[www.dea.gov/fugitives/all751d.html]
[www.dea.gov/fugitives/allde93.html]
[www.dea.gov/fugitives/all1080.html]
[www.dea.gov/fugitives/all544d.html]
[www.dea.gov/fugitives/all4634.html]
[www.dea.gov/fugitives/all3de9.html]
[www.dea.gov/fugitives/alldc9b.html]
[www.dea.gov/fugitives/allac63.html]
[www.dea.gov/fugitives/allb4ab.html]
[www.dea.gov/fugitives/all0c95.html]
[www.dea.gov/fugitives/allfdb3.html]
[www.dea.gov/fugitives/all0fbf.html]
[www.dea.gov/fugitives/allc8a7.html]
[www.dea.gov/fugitives/all385c.html]
[www.dea.gov/fugitives/alle54f.html]
[www.dea.gov/sites/default/files/2022-02/Aaron Orozco Sanoval Photo.jpg]
[www.dea.gov/fugitives/aaron-mahanaim-orozco-sandoval.html]
[www.dea.gov/sites/default/files/2020-04/YIHDEGO 1.jpg]
[www.dea.gov/fugitives/abdulkadir-yihdego.html]
[www.dea.gov/fugitives/abel-bustamante-duran.html]
[www.dea.gov/sites/default/files/fugitives/fugitives/la/mendoza-abel.jpg]
[www.dea.gov/fugitives/abel-mendoza.html]
[www.dea.gov/sites/default/files/2021-06/PICTURE - SANCHEZ.jpg]
[www.dea.gov/fugitives/abigael-sanchez-lopez.html]
[www.dea.gov/sites/default/files/2019-10/Abner Neftali CERRATO.jpg]
[www.dea.gov/fugitives/abner-neftali-cerrato.html]
[www.dea.gov/sites/default/files/fugitives/fugitives/la/angulo.jpg]
[www.dea.gov/fugitives/abraham-angulo.html]
[www.dea.gov/sites/default/files/fugitives/fugitives/la/landa.jpg]
[www.dea.gov/fugitives/abraham-villasenor-landa.html]
[www.dea.gov/sites/default/files/2020-04/VIVANCO LEON.jpg]
[www.dea.gov/fugitives/abraham-vivanco-leon.html]
[www.dea.gov/sites/default/files/fugitives/fugitives/elp/salazar-zamorano.jpg]
[www.dea.gov/fugitives/adan-salazar-zamorano.html]
[www.dea.gov/fugitives/all2679.html]
[www.dea.gov/fugitives/all4658.html]
[www.dea.gov/fugitives/all9ba9.html]
[www.dea.gov/fugitives/allda81.html]
[www.dea.gov/modules/contrib/facets/js/base-widgetbe28.js]
[www.dea.gov/modules/contrib/facets/js/checkbox-widgetbe28.js]
[www.dea.gov/modules/contrib/facets/js/soft-limitbe28.js]
[www.dea.gov/themes/custom/ohana/dist/js/facet-groupbe28.js]
[www.dea.gov/fugitives/all.html]
[cdnjs.cloudflare.com/ajax/libs/jQuery.mmenu/9.3.0/mmenu.polyfills.min.html]
[www.dea.gov/themes/contrib/stable/css/views/views.modulee71b.css]
[www.dea.gov/modules/contrib/paragraphs/css/paragraphs.unpublishede71b.css]
[www.dea.gov/modules/contrib/facets/css/checkbox-widgete71b.css]
[www.dea.gov/fugitives/all355b.html]
[www.dea.gov/fugitives/alld9a1.html]
[www.dea.gov/fugitives/alleb3d.html]
[www.dea.gov/fugitives/all76d7.html]
[www.dea.gov/fugitives/all3e7e.html]
[www.dea.gov/fugitives/all199f.html]
[www.dea.gov/fugitives/allf2be.html]
[www.dea.gov/fugitives/all14e0.html]
[www.dea.gov/fugitives/allffc5.html]
[www.dea.gov/fugitives/all000f.html]
[www.dea.gov/fugitives/all694a.html]
[www.dea.gov/fugitives/allaa39.html]
[www.dea.gov/fugitives/all8ad0.html]
[www.dea.gov/fugitives/allf065.html]
[www.dea.gov/fugitives/all73ee.html]
[www.dea.gov/fugitives/all5c4f.html]
[www.dea.gov/fugitives/alld5fb.html]
[www.dea.gov/fugitives/alle6a4.html]
[www.dea.gov/fugitives/allf6d7.html]
[www.dea.gov/fugitives/all8744.html]
[www.dea.gov/fugitives/all0ca7.html]
[www.dea.gov/fugitives/all7e5b.html]
[www.dea.gov/fugitives/allcf79.html]
[www.dea.gov/fugitives/all16d2.html]
[www.dea.gov/fugitives/all17ef.html]
[www.dea.gov/fugitives/alled5f.html]
[www.dea.gov/sites/default/files/2023-01/Adelmo Nunez-Molina photo.jpg]
[www.dea.gov/fugitives/adelmo-nunez-molina.html]
[www.dea.gov/fugitives/all8c74.html]
[www.dea.gov/fugitives/all8fd2.html]
[www.dea.gov/fugitives/allaed4.html]
[www.dea.gov/fugitives/all212e.html]
[www.dea.gov/fugitives/alla78e.html]
[www.dea.gov/fugitives/all04cb.html]
[www.dea.gov/fugitives/all58b3.html]
[www.dea.gov/fugitives/all759a.html]
[www.dea.gov/fugitives/all32b8.html]
[www.dea.gov/fugitives/all0024.html]
[www.dea.gov/fugitives/all635b.html]
[www.dea.gov/fugitives/allb1d5.html]
[www.dea.gov/fugitives/all41ea.html]
[www.dea.gov/fugitives/allb88f.html]
[www.dea.gov/fugitives/allb30a.html]
[www.dea.gov/sites/default/files/fugitives/fugitives/ne/karner_alenka.jpg]
[www.dea.gov/fugitives/alenka-karner.html]
[www.dea.gov/sites/default/files/fugitives/fugitives/la/cortez.jpg]
[www.dea.gov/fugitives/alma-delia-cortez.html]
[www.dea.gov/sites/default/files/fugitives/fugitives/hou/pompa.jpg]
[www.dea.gov/fugitives/alma-nelly-del-rio-pompa.html]
[www.dea.gov/sites/default/files/2020-04/PHOTO HOBACK.jpg]
[www.dea.gov/fugitives/amanda-christine-hoback.html]
[www.dea.gov/sites/default/files/2021-04/JOHNSON, Amanda.jpg.png]
[www.dea.gov/fugitives/amanda-marie-johnson.html]
[www.dea.gov/sites/default/files/2020-01/WELLS photo.jpg]
[www.dea.gov/fugitives/amy-nichole-wells.html]
[www.dea.gov/sites/default/files/fugitives/fugitives/la/felix-ana.jpg]
[www.dea.gov/fugitives/ana-felix.html]
[www.dea.gov/sites/default/files/2020-04/Brenda Rodriguez dmv photo face.jpg]
[www.dea.gov/fugitives/brenda-rodriguez.html]
[www.dea.gov/sites/default/files/fugitives/fugitives/hou/ZAPATA-brenda.jpg]
[www.dea.gov/fugitives/brenda-zapata.html]
[www.dea.gov/fugitives/bridgett-sandra-coates.html]
[www.dea.gov/fugitives/allf74d.html]
[www.dea.gov/fugitives/all703f.html]
[www.dea.gov/fugitives/all65e7.html]
[www.dea.gov/fugitives/all2d9e.html]
[www.dea.gov/fugitives/all1024.html]
[www.dea.gov/fugitives/all70fa.html]
[www.dea.gov/fugitives/all62a9.html]
[www.dea.gov/fugitives/all4b78.html]
[www.dea.gov/fugitives/all80ef.html]
[www.dea.gov/fugitives/all7393.html]
[www.dea.gov/fugitives/all8976.html]
[www.dea.gov/fugitives/all5357.html]
[www.dea.gov/fugitives/all7f45.html]
[www.dea.gov/fugitives/alld924.html]
[www.dea.gov/fugitives/all7099.html]
[www.dea.gov/fugitives/allcd63.html]
[www.dea.gov/fugitives/all24df.html]
[www.dea.gov/fugitives/all461d.html]
[www.dea.gov/fugitives/all8c25.html]
[www.dea.gov/fugitives/allc519.html]
[www.dea.gov/fugitives/all8342.html]
[www.dea.gov/fugitives/all7cbb.html]
[www.dea.gov/fugitives/all4ed7.html]
[www.dea.gov/fugitives/allc260.html]
[www.dea.gov/fugitives/allfedc.html]
[www.dea.gov/fugitives/allf8ee.html]
[www.dea.gov/fugitives/allccd1.html]
[www.dea.gov/fugitives/all3eee.html]
[www.dea.gov/fugitives/all62d1.html]
[www.dea.gov/fugitives/all8d0a.html]
[www.dea.gov/sites/default/files/2021-06/Bustos Main picture 1.jpg]
[www.dea.gov/fugitives/alberto-rivera-bustos.html]
[www.dea.gov/sites/default/files/fugitives/fugitives/la/gomez-alejandro.jpg]
[www.dea.gov/fugitives/alejandro-dominguez-gomez.html]
[www.dea.gov/fugitives/allf35f.html]
[www.dea.gov/fugitives/allcf25.html]
[www.dea.gov/fugitives/allb46e.html]
[www.dea.gov/fugitives/all152e.html]
[www.dea.gov/fugitives/all700a.html]
[www.dea.gov/fugitives/all1fb2.html]
[www.dea.gov/fugitives/all05f8.html]
[www.dea.gov/fugitives/all4a68.html]
[www.dea.gov/fugitives/allf25d.html]
[www.dea.gov/fugitives/allb488.html]
[www.dea.gov/fugitives/all97c3.html]
[www.dea.gov/fugitives/allba04.html]
[www.dea.gov/fugitives/all7321.html]
[www.dea.gov/fugitives/all9ab7.html]
[www.dea.gov/fugitives/allce76.html]
[www.dea.gov/fugitives/all49a5.html]
[www.dea.gov/fugitives/all9c9d.html]
[www.dea.gov/fugitives/allbde9.html]
[www.dea.gov/fugitives/allaead.html]
[www.dea.gov/fugitives/all0b81.html]
[www.dea.gov/fugitives/all385f.html]
[www.dea.gov/fugitives/all5099.html]
[www.dea.gov/fugitives/all998f.html]
[www.dea.gov/fugitives/all4bd4.html]
[www.dea.gov/fugitives/all35db.html]
[www.dea.gov/fugitives/all8e3d.html]
[www.dea.gov/fugitives/all2c4c.html]
[www.dea.gov/sites/default/files/fugitives/fugitives/hou/garcia_alejandro.jpg]
[www.dea.gov/fugitives/alejandro-garcia.html]
[www.dea.gov/sites/default/files/fugitives/fugitives/hou/TREVINO-MORALES-alexandro.jpg]
[www.dea.gov/fugitives/alejandro-trevino-morales.html]
[www.dea.gov/sites/default/files/fugitives/fugitives/hou/RANGEL-BUENDIA.jpg]
[www.dea.gov/fugitives/alfredo-rangel-buendia.html]
[www.dea.gov/sites/default/files/fugitives/fugitives/hou/HERNANDEZ-mendoza.jpg]
[www.dea.gov/fugitives/amilcar-ulyses-hernandez-mendoza.html]
[www.dea.gov/sites/default/files/fugitives/fugitives/hou/lopez-arnoldo.jpg]
[www.dea.gov/fugitives/arnoldo-lopez-jr.html]
[www.dea.gov/sites/default/files/fugitives/fugitives/hou/ramos-barragan.jpg]
[www.dea.gov/fugitives/bolivar-ramos-barragan.html]
[www.dea.gov/sites/default/files/fugitives/fugitives/hou/cedra-gonzalez.jpg]
[www.dea.gov/fugitives/carlos-cerda-gonzalez.html]
[www.dea.gov/sites/default/files/fugitives/fugitives/hou/huang.jpg]
[www.dea.gov/fugitives/chun-ming-huang.html]
[www.dea.gov/fugitives/all57c1.html]
[www.dea.gov/fugitives/allcb52.html]
[www.dea.gov/fugitives/allffef.html]
[www.dea.gov/fugitives/all7384.html]
[www.dea.gov/fugitives/allfd1b.html]
[www.dea.gov/fugitives/alld4f2.html]
[www.dea.gov/fugitives/allce6b.html]
[www.dea.gov/fugitives/all24a1.html]
[www.dea.gov/fugitives/all43cd.html]
[www.dea.gov/fugitives/alled57.html]
[www.dea.gov/fugitives/allacd1.html]
[www.dea.gov/fugitives/all38d7.html]
[www.dea.gov/fugitives/all3d96.html]
[www.dea.gov/fugitives/all991e.html]
[www.dea.gov/fugitives/all3c2e.html]
[www.dea.gov/fugitives/all60cd.html]
[www.dea.gov/fugitives/allf102.html]
[www.dea.gov/fugitives/all9003.html]
[www.dea.gov/fugitives/alldd72.html]
[www.dea.gov/fugitives/all0e0f.html]
[www.dea.gov/fugitives/all1c2d.html]
[www.dea.gov/fugitives/allbbf9.html]
[www.dea.gov/fugitives/all8d45.html]
[www.dea.gov/fugitives/all9c83.html]
[www.dea.gov/fugitives/allb9f6.html]
[www.dea.gov/fugitives/all832b.html]
[www.dea.gov/sites/default/files/fugitives/fugitives/elp/avila_adrian.jpg]
[www.dea.gov/fugitives/adrian-avila-ramirez.html]
[www.dea.gov/sites/default/files/fugitives/fugitives/elp/Chavez-DelBosque.jpg]
[www.dea.gov/fugitives/alfredo-chavez-del-bosque.html]
[www.dea.gov/sites/default/files/fugitives/fugitives/elp/diaz.jpg]
[www.dea.gov/fugitives/alfredo-diaz-herrera.html]
[www.dea.gov/sites/default/files/fugitives/fugitives/elp/saenz_alonso.jpg]
[www.dea.gov/fugitives/alonso-saenz-dominquez.html]
[www.dea.gov/sites/default/files/fugitives/fugitives/elp/nunez-meza.jpg]
[www.dea.gov/fugitives/amado-nunez-meza.html]
[www.dea.gov/sites/default/files/fugitives/fugitives/elp/macias.jpg]
[www.dea.gov/fugitives/andres-gilberto-macias-sanchez.html]
[www.dea.gov/sites/default/files/fugitives/fugitives/elp/SILVA-Silva.jpg]
[www.dea.gov/fugitives/angel-daniel-silva-silva.html]
[www.dea.gov/sites/default/files/fugitives/fugitives/elp/FUENTES-Chaidez.jpg]
[www.dea.gov/fugitives/angel-fuentes-chaidez.html]
[www.dea.gov/sites/default/files/fugitives/fugitives/elp/melendez-elizondo-anibal.jpg]
[www.dea.gov/fugitives/anibal-melendez-elizondo.html]
[www.dea.gov/fugitives/allaab9.html]
[www.dea.gov/fugitives/all2473.html]
[www.dea.gov/fugitives/alld2b0.html]
[www.dea.gov/fugitives/all07a6.html]
[www.dea.gov/fugitives/all4c2f.html]
[www.dea.gov/fugitives/all2968.html]
[www.dea.gov/fugitives/all3904.html]
[www.dea.gov/fugitives/all529a.html]
[www.dea.gov/fugitives/all9628.html]
[www.dea.gov/fugitives/allf14a.html]
[www.dea.gov/fugitives/allb9a4.html]
[www.dea.gov/fugitives/all6888.html]
[www.dea.gov/fugitives/all0b56.html]
[www.dea.gov/fugitives/allfeef.html]
[www.dea.gov/fugitives/all1917.html]
[www.dea.gov/fugitives/allce2f.html]
[www.dea.gov/fugitives/all7f55.html]
[www.dea.gov/fugitives/all597f.html]
[www.dea.gov/fugitives/alld873.html]
[www.dea.gov/fugitives/alld607.html]
[www.dea.gov/fugitives/all523a.html]
[www.dea.gov/fugitives/all0b0c.html]
[www.dea.gov/fugitives/all73ef.html]
[www.dea.gov/fugitives/all47eb.html]
[www.dea.gov/fugitives/all108f.html]
[www.dea.gov/sites/default/files/2023-09/RODRIGUEZ-RODRIGUEZ, Alexis -photo.jpg]
[www.dea.gov/fugitives/alexis-rodriguez-rodriguez.html]
[www.dea.gov/sites/default/files/2024-04/BENETT Andrew A. - photo.jpg]
[www.dea.gov/fugitives/andrew-benett.html]
[www.dea.gov/sites/default/files/2024-04/SUBERO-TEJADA, Antonio - photo.jpg]
[www.dea.gov/fugitives/antonio-f-subero-tejeda.html]
[www.dea.gov/sites/default/files/2023-09/RAMOS-TORRES Aristides - photo.jpg]
[www.dea.gov/fugitives/aristides-ramos-torres-1.html]
[www.dea.gov/sites/default/files/2024-04/BATISTA-CRUZ Alquimides - photo.jpg]
[www.dea.gov/fugitives/batista-cruz-arquimides-de-jesus.html]
[www.dea.gov/sites/default/files/2024-04/SILVA-MISSAS, Carlos - photo.jpg]
[www.dea.gov/fugitives/carlos-m-silva-missas.html]
[www.dea.gov/sites/default/files/2024-04/RIVERA-GOMEZ, Carlos - photo.jpg]
[www.dea.gov/fugitives/carlos-r-rivera-gomez.html]
[www.dea.gov/sites/default/files/fugitives/fugitives/car/garcia-cruz.jpg]
[www.dea.gov/fugitives/capsesar-garcia-cruz.html]
[www.dea.gov/sites/default/files/2024-04/vazquez-JIMENEZ, Cesar - photo.jpg]
[www.dea.gov/fugitives/cesar-i-vazquez-jimenez.html]
[www.dea.gov/sites/default/files/2023-09/BERMUDEZ-MAURICIO Claudio - photo.jpg]
[www.dea.gov/fugitives/claudio-bermudez-mauricio.html]
[www.dea.gov/fugitives/allde09.html]
[www.dea.gov/fugitives/all7034.html]
[www.dea.gov/fugitives/allc517.html]
[www.dea.gov/fugitives/all67b9.html]
[www.dea.gov/fugitives/all4a82.html]
[www.dea.gov/fugitives/allf785.html]
[www.dea.gov/fugitives/allc5d5.html]
[www.dea.gov/fugitives/all0130.html]
[www.dea.gov/fugitives/allc7aa.html]
[www.dea.gov/fugitives/all517d.html]
[www.dea.gov/fugitives/allc283.html]
[www.dea.gov/fugitives/all666a.html]
[www.dea.gov/fugitives/allb2cb.html]
[www.dea.gov/fugitives/all269f.html]
[www.dea.gov/fugitives/all187f.html]
[www.dea.gov/fugitives/all7329.html]
[www.dea.gov/fugitives/all3107.html]
[www.dea.gov/fugitives/all1e20.html]
[www.dea.gov/fugitives/all7b74.html]
[www.dea.gov/fugitives/all63a2.html]
[www.dea.gov/fugitives/all7851.html]
[www.dea.gov/fugitives/all43e6.html]
[www.dea.gov/fugitives/all4fef.html]
[www.dea.gov/fugitives/all71e9.html]
[www.dea.gov/sites/default/files/2021-02/JACKSON, Antoine Photo.jpg]
[www.dea.gov/fugitives/antoine-jackson.html]
[www.dea.gov/sites/default/files/2020-01/ROSAS, Aron IA DL Photo.jpg]
[www.dea.gov/fugitives/aron-daaniel-rosas.html]
[www.dea.gov/sites/default/files/2020-10/POWE, Bryan Photo.jpg]
[www.dea.gov/fugitives/bryan-powe.html]
[www.dea.gov/sites/default/files/2022-01/HAVENS, Chad.jpg]
[www.dea.gov/fugitives/chad-havens.html]
[www.dea.gov/sites/default/files/2020-01/TAPIA-MARTINEZ, Curi.jpg]
[www.dea.gov/fugitives/curi-caberi-tapia-martinez.html]
[www.dea.gov/sites/default/files/2020-10/EDFORS, David Photo.jpg]
[www.dea.gov/fugitives/david-edfors.html]
[www.dea.gov/sites/default/files/2021-09/SHIELDS, Deakota - DL Photo.jpg]
[www.dea.gov/fugitives/deakota-l-shields.html]
[www.dea.gov/sites/default/files/2021-09/IRVIN, Demeco.jpg]
[www.dea.gov/fugitives/demeco-demon-irvin.html]
[www.dea.gov/sites/default/files/2022-10/Deshon Forbes Photo.png]
[www.dea.gov/fugitives/deshon-dupree-forbes.html]
[www.dea.gov/fugitives/all38d3.html]
[www.dea.gov/fugitives/alld591.html]
[www.dea.gov/fugitives/allc06e.html]
[www.dea.gov/fugitives/alle690.html]
[www.dea.gov/fugitives/all04ca.html]
[www.dea.gov/fugitives/all9847.html]
[www.dea.gov/fugitives/allaf88.html]
[www.dea.gov/fugitives/all64d1.html]
[www.dea.gov/fugitives/allce8e.html]
[www.dea.gov/fugitives/allef98.html]
[www.dea.gov/fugitives/all8bb8.html]
[www.dea.gov/fugitives/all9fcf.html]
[www.dea.gov/fugitives/all4e0a.html]
[www.dea.gov/fugitives/all26ca.html]
[www.dea.gov/fugitives/allb1fa.html]
[www.dea.gov/fugitives/all17a9.html]
[www.dea.gov/fugitives/all7c88.html]
[www.dea.gov/fugitives/all1263.html]
[www.dea.gov/fugitives/all34c5.html]
[www.dea.gov/fugitives/allcc81.html]
[www.dea.gov/fugitives/all1e07.html]
[www.dea.gov/fugitives/allf585.html]
[www.dea.gov/sites/default/files/2023-04/Nunez-Herrera, Alan Gabriel.jpg]
[www.dea.gov/fugitives/alan-gabriel-nunez-herrera.html]
[www.dea.gov/sites/default/files/fugitives/fugitives/ny/madrazo.jpg]
[www.dea.gov/fugitives/alejandro-madrazo.html]
[www.dea.gov/sites/default/files/2023-04/Felix-Gutierrez, Carlos Omar.jpg]
[www.dea.gov/fugitives/carlos-omar-felix-gutierrez.html]
[www.dea.gov/sites/default/files/fugitives/fugitives/ny/RAMIREZ-MORENO-diego-alejandro.jpg]
[www.dea.gov/fugitives/diego-alejandro-ramirez-moreno.html]
[www.dea.gov/sites/default/files/fugitives/fugitives/ny/delima.jpg]
[www.dea.gov/fugitives/federico-delima.html]
[www.dea.gov/sites/default/files/2023-04/Yao, Huatao.jpg]
[www.dea.gov/fugitives/huatao-yao.html]
[www.dea.gov/sites/default/files/2023-04/Guzman-Salazar, Ivan.jpg]
[www.dea.gov/fugitives/ivan-archivaldo-guzman-salazar.html]
[www.dea.gov/sites/default/files/2023-04/Tirado-Andrade, Jesus image.jpg]
[www.dea.gov/fugitives/jesus-tirado-andrade.html]
[www.dea.gov/sites/default/files/2023-04/Figueroa-Benitez, Jorge Humberto.jpg]
[www.dea.gov/fugitives/jorge-humberto-figueroa-benitez.html]
[www.dea.gov/sites/default/files/fugitives/fugitives/ny/Comrade-Raul.jpg]
[www.dea.gov/fugitives/jorge-quispe-palomino.html]
[www.dea.gov/fugitives/all9653.html]
[www.dea.gov/fugitives/allb580.html]
[www.dea.gov/fugitives/all2357.html]
[www.dea.gov/fugitives/alla8c4.html]
[www.dea.gov/fugitives/alldb37.html]
[www.dea.gov/fugitives/all85e9.html]
[www.dea.gov/fugitives/alle4b0.html]
[www.dea.gov/fugitives/all829a.html]
[www.dea.gov/fugitives/allae1c.html]
[www.dea.gov/fugitives/all22eb.html]
[www.dea.gov/fugitives/all58ef.html]
[www.dea.gov/fugitives/allcadf.html]
[www.dea.gov/fugitives/allbec5.html]
[www.dea.gov/fugitives/all9be9.html]
[www.dea.gov/fugitives/allcbb1.html]
[www.dea.gov/fugitives/alld7c2.html]
[www.dea.gov/fugitives/allf54b.html]
[www.dea.gov/fugitives/all066f.html]
[www.dea.gov/fugitives/alla423.html]
[www.dea.gov/fugitives/all378d.html]
[www.dea.gov/sites/default/files/fugitives/fugitives/no/no-photo.jpg]
[www.dea.gov/fugitives/bruno-leal.html]
[www.dea.gov/fugitives/fernando-valencia-zavala.html]
[www.dea.gov/fugitives/francisco-javier-fernandez.html]
[www.dea.gov/sites/default/files/fugitives/fugitives/no/pou.gif]
[www.dea.gov/fugitives/frederick-anthony-jr-pou.html]
[www.dea.gov/sites/default/files/fugitives/fugitives/no/JAUREGUI-ESTRADA.jpg]
[www.dea.gov/fugitives/isaac-de-jesus-jauregui-estrada.html]
[www.dea.gov/sites/default/files/fugitives/fugitives/no/pineda-torres_isidro.jpg]
[www.dea.gov/fugitives/isidro-pineda-torres.html]
[www.dea.gov/sites/default/files/fugitives/fugitives/no/hildegardo-jaimes-sierra.jpg]
[www.dea.gov/fugitives/jaimes-sierra-hildegardo.html]
[www.dea.gov/fugitives/jesus-manuel-urias-castaneda.html]
[www.dea.gov/sites/default/files/fugitives/fugitives/no/portes-ortega_marco_antonio.jpg]
[www.dea.gov/fugitives/marco-antonio-portes-ortega.html]
[www.dea.gov/sites/default/files/fugitives/fugitives/no/lopez.jpg]
[www.dea.gov/fugitives/mario-cesar-lopez.html]
[www.dea.gov/fugitives/all827c.html]
[www.dea.gov/fugitives/alleed4.html]
[www.dea.gov/fugitives/all587c.html]
[www.dea.gov/fugitives/allc95d.html]
[www.dea.gov/fugitives/all313d.html]
[www.dea.gov/fugitives/allad75.html]
[www.dea.gov/fugitives/all4410.html]
[www.dea.gov/fugitives/allcd54.html]
[www.dea.gov/fugitives/all929b.html]
[www.dea.gov/fugitives/all50c6.html]
[www.dea.gov/fugitives/allbbfd.html]
[www.dea.gov/fugitives/all6cfc.html]
[www.dea.gov/fugitives/allb84d.html]
[www.dea.gov/fugitives/all7259.html]
[www.dea.gov/fugitives/allaebd.html]
[www.dea.gov/fugitives/alla202.html]
[www.dea.gov/fugitives/allda92.html]
[www.dea.gov/fugitives/all2043.html]
[www.dea.gov/sites/default/files/fugitives/fugitives/mia/velez-naranjo.jpg]
[www.dea.gov/fugitives/carlos-ernesto-velez-naranjo.html]
[www.dea.gov/sites/default/files/fugitives/fugitives/mia/david.jpg]
[www.dea.gov/fugitives/david-lugo-montes.html]
[www.dea.gov/sites/default/files/fugitives/fugitives/mia/wynn.jpg]
[www.dea.gov/fugitives/elrick-bernard-wynn.html]
[www.dea.gov/sites/default/files/fugitives/fugitives/mia/othello.jpg]
[www.dea.gov/fugitives/emmanuel-j-othello.html]
[www.dea.gov/sites/default/files/fugitives/fugitives/mia/gabino.jpg]
[www.dea.gov/fugitives/gabino-lugo-montes.html]
[www.dea.gov/sites/default/files/fugitives/fugitives/mia/jaber.jpg]
[www.dea.gov/fugitives/ghandi-jasser-jaber.html]
[www.dea.gov/sites/default/files/fugitives/fugitives/mia/dulder.jpg]
[www.dea.gov/fugitives/iwan-dulder.html]
[www.dea.gov/sites/default/files/fugitives/fugitives/mia/Itriago.jpg]
[www.dea.gov/fugitives/jesus-alfredo-itriago.html]
[www.dea.gov/sites/default/files/fugitives/fugitives/mia/cabrera.jpg]
[www.dea.gov/fugitives/jose-benito-cabrera-cuevas.html]
[www.dea.gov/sites/default/files/fugitives/fugitives/mia/galvan.jpg]
[www.dea.gov/fugitives/jose-isabel-galvan.html]
[www.dea.gov/fugitives/alle79d.html]
[www.dea.gov/fugitives/alle668.html]
[www.dea.gov/fugitives/all7ebe.html]
[www.dea.gov/fugitives/allfd57.html]
[www.dea.gov/fugitives/all8f8b.html]
[www.dea.gov/fugitives/alld2b9.html]
[www.dea.gov/fugitives/all523e.html]
[www.dea.gov/fugitives/allb075.html]
[www.dea.gov/fugitives/allb20f.html]
[www.dea.gov/fugitives/all85c5.html]
[www.dea.gov/fugitives/all5652.html]
[www.dea.gov/fugitives/all8a78.html]
[www.dea.gov/fugitives/all592f.html]
[www.dea.gov/fugitives/alld122.html]
[www.dea.gov/fugitives/all6638.html]
[www.dea.gov/fugitives/all4cdd.html]
[www.dea.gov/fugitives/all964d.html]
[www.dea.gov/sites/default/files/fugitives/fugitives/sf/lopezlopez.jpg]
[www.dea.gov/fugitives/cesar-lopez-lopez.html]
[www.dea.gov/sites/default/files/fugitives/fugitives/sf/orzco.jpg]
[www.dea.gov/fugitives/enrique-orozco.html]
[www.dea.gov/sites/default/files/fugitives/fugitives/sf/camacho-mendez.jpg]
[www.dea.gov/fugitives/everado-camacho-mendez.html]
[www.dea.gov/sites/default/files/fugitives/fugitives/sf/lopez_francisca.jpg]
[www.dea.gov/fugitives/francisca-alvarado-lopez.html]
[www.dea.gov/sites/default/files/fugitives/fugitives/sf/tapia-lemus.jpg]
[www.dea.gov/fugitives/gabriel-tapia-lemus.html]
[www.dea.gov/sites/default/files/fugitives/fugitives/sf/rios-gallardo.jpg]
[www.dea.gov/fugitives/ismael-rios-gallardo.html]
[www.dea.gov/sites/default/files/fugitives/fugitives/sf/hernandez_john.jpg]
[www.dea.gov/fugitives/john-hernandez.html]
[www.dea.gov/sites/default/files/fugitives/fugitives/sf/barragan_jose.jpg]
[www.dea.gov/fugitives/jose-luis-fanas-barragan.html]
[www.dea.gov/sites/default/files/fugitives/fugitives/sf/GARCIA.jpg]
[www.dea.gov/fugitives/julio-garcia.html]
[www.dea.gov/sites/default/files/fugitives/fugitives/sf/morales.jpg]
[www.dea.gov/fugitives/manuel-antonio-morales.html]
[www.dea.gov/fugitives/alld359.html]
[www.dea.gov/fugitives/all0285.html]
[www.dea.gov/fugitives/all0367.html]
[www.dea.gov/fugitives/alla7ca.html]
[www.dea.gov/fugitives/allb00e.html]
[www.dea.gov/fugitives/all4753.html]
[www.dea.gov/fugitives/all54b6.html]
[www.dea.gov/fugitives/allf7e4.html]
[www.dea.gov/fugitives/all00a2.html]
[www.dea.gov/fugitives/alle493.html]
[www.dea.gov/fugitives/allf279.html]
[www.dea.gov/fugitives/allc21e.html]
[www.dea.gov/fugitives/all7101.html]
[www.dea.gov/fugitives/alld71e.html]
[www.dea.gov/fugitives/allf227.html]
[www.dea.gov/fugitives/allfa02.html]
[www.dea.gov/sites/default/files/fugitives/fugitives/atl/shoemaker.jpg]
[www.dea.gov/fugitives/alan-thomas-shoemaker.html]
[www.dea.gov/sites/default/files/fugitives/fugitives/atl/albertolopez.jpg]
[www.dea.gov/fugitives/alberto-lopez.html]
[www.dea.gov/sites/default/files/fugitives/fugitives/atl/camacho.jpg]
[www.dea.gov/fugitives/alfonso-pineda-camacho.html]
[www.dea.gov/sites/default/files/fugitives/fugitives/atl/arriaga.jpg]
[www.dea.gov/fugitives/david-eliceo-haro-arriaga.html]
[www.dea.gov/sites/default/files/fugitives/fugitives/atl/rodriguez.jpg]
[www.dea.gov/fugitives/felipe-flores-rodriguez.html]
[www.dea.gov/sites/default/files/fugitives/fugitives/atl/chavez.jpg]
[www.dea.gov/fugitives/gualberto-chavez-ramos.html]
[www.dea.gov/sites/default/files/fugitives/fugitives/atl/nguyen_hoang.jpg]
[www.dea.gov/fugitives/hoang-van-nguyen.html]
[www.dea.gov/sites/default/files/fugitives/fugitives/atl/tieu.jpg]
[www.dea.gov/fugitives/hong-bich-tieu.html]
[www.dea.gov/sites/default/files/fugitives/fugitives/atl/maldonado.jpg]
[www.dea.gov/fugitives/jesus-maldonado.html]
[www.dea.gov/sites/default/files/fugitives/fugitives/atl/rodriguez-jesus.jpg]
[www.dea.gov/fugitives/jesus-rodriguez.html]
[www.dea.gov/fugitives/all751d.html]
[www.dea.gov/fugitives/all771c.html]
[www.dea.gov/fugitives/all48a9.html]
[www.dea.gov/fugitives/all9e13.html]
[www.dea.gov/fugitives/alle655.html]
[www.dea.gov/fugitives/all89a0.html]
[www.dea.gov/fugitives/all96c4.html]
[www.dea.gov/fugitives/all4267.html]
[www.dea.gov/fugitives/allcd33.html]
[www.dea.gov/fugitives/all08c4.html]
[www.dea.gov/fugitives/alle8db.html]
[www.dea.gov/fugitives/all6b3a.html]
[www.dea.gov/fugitives/all17dc.html]
[www.dea.gov/fugitives/all9cbe.html]
[www.dea.gov/fugitives/all6a08.html]
[www.dea.gov/sites/default/files/2020-12/CHANDLER.jpg]
[www.dea.gov/fugitives/brandon-montrei-chandler.html]
[www.dea.gov/sites/default/files/2021-12/YIP, Chuen Fat Visa Photo.jpg]
[www.dea.gov/fugitives/chuen-yip.html]
[www.dea.gov/sites/default/files/2020-12/AVALOS, EDUARDO_Page_2.png]
[www.dea.gov/fugitives/eduardo-avalos.html]
[www.dea.gov/sites/default/files/2021-01/Estevan Sidon-Gonzalez.jpg]
[www.dea.gov/fugitives/estevam-sidon-gonzales.html]
[www.dea.gov/sites/default/files/2021-01/Fernando MARTINEZ-HERNANDEZ.jpg]
[www.dea.gov/fugitives/francisco-hernandez-martinez.html]
[www.dea.gov/sites/default/files/fugitives/fugitives/dal/Lopez.png]
[www.dea.gov/fugitives/javier-lopez.html]
[www.dea.gov/sites/default/files/fugitives/fugitives/dal/campos-pita_jose.jpg]
[www.dea.gov/fugitives/jose-luis-campos-pita.html]
[www.dea.gov/sites/default/files/2020-12/WHITLEY, LUKE DAVIS_Page_2.png]
[www.dea.gov/fugitives/luke-davis-whitley.html]
[www.dea.gov/sites/default/files/fugitives/fugitives/dal/Mario.jpg]
[www.dea.gov/fugitives/mario-garcia-bastida.html]
[www.dea.gov/sites/default/files/fugitives/fugitives/dal/jimenez.png]
[www.dea.gov/fugitives/ricardo-jimenez.html]
[www.dea.gov/fugitives/allde93.html]
[www.dea.gov/fugitives/all3e5d.html]
[www.dea.gov/fugitives/all7aa9.html]
[www.dea.gov/fugitives/all100f.html]
[www.dea.gov/fugitives/all93da.html]
[www.dea.gov/fugitives/all7ae1.html]
[www.dea.gov/fugitives/all982c.html]
[www.dea.gov/fugitives/all8ad3.html]
[www.dea.gov/fugitives/alla331.html]
[www.dea.gov/fugitives/all2cf8.html]
[www.dea.gov/fugitives/all74f3.html]
[www.dea.gov/fugitives/allf846.html]
[www.dea.gov/fugitives/all5ae4.html]
[www.dea.gov/fugitives/alla253.html]
[www.dea.gov/sites/default/files/fugitives/fugitives/den/NAVIDAD-SANCHEZ.jpg]
[www.dea.gov/fugitives/amado-navidad-sanchez.html]
[www.dea.gov/sites/default/files/fugitives/fugitives/den/mercado-macias.jpg]
[www.dea.gov/fugitives/beatriz-adriana-mercado-macias.html]
[www.dea.gov/sites/default/files/fugitives/fugitives/den/rodriguez-torres.jpg]
[www.dea.gov/fugitives/delfino-rodriguez-torres.html]
[www.dea.gov/sites/default/files/2022-02/Ignacio Gonzalez Penuelas Photo.jpg]
[www.dea.gov/fugitives/ignacio-gonzalez-penuelas.html]
[www.dea.gov/sites/default/files/2022-02/Jesus Gonzalez-Penuelas Photo.jpg]
[www.dea.gov/fugitives/jesus-gonzalez-penuelas.html]
[www.dea.gov/sites/default/files/2022-02/Jose Octavio Garcia Calderon Photo.jpg]
[www.dea.gov/fugitives/jorge-octavio-garcia-calderon.html]
[www.dea.gov/sites/default/files/2022-02/Jose Carlos Barraza Aceves photo.jpg]
[www.dea.gov/fugitives/jose-carlos-barraza-aceves.html]
[www.dea.gov/sites/default/files/2023-02/Julio Estrada Montano Photo.jpg]
[www.dea.gov/fugitives/julio-estrada-montano.html]
[www.dea.gov/fugitives/all1080.html]
[www.dea.gov/fugitives/alleb95.html]
[www.dea.gov/fugitives/all4db4.html]
[www.dea.gov/fugitives/all0def.html]
[www.dea.gov/fugitives/all0b7e.html]
[www.dea.gov/fugitives/all178a.html]
[www.dea.gov/fugitives/allf751.html]
[www.dea.gov/fugitives/all61b6.html]
[www.dea.gov/fugitives/all14d4.html]
[www.dea.gov/fugitives/alld04f.html]
[www.dea.gov/fugitives/all7b3e.html]
[www.dea.gov/fugitives/all4ecf.html]
[www.dea.gov/fugitives/allfd46.html]
[www.dea.gov/sites/default/files/2022-05/Edeer AVILA IN BMV DL Photo.jpg]
[www.dea.gov/fugitives/edeer-avila.html]
[www.dea.gov/sites/default/files/fugitives/fugitives/chi/mendez.jpg]
[www.dea.gov/fugitives/javier-mendez-garcia.html]
[www.dea.gov/sites/default/files/2018-08/Fugitive Jesus Alfredo Guzman Salazar.jpg]
[www.dea.gov/fugitives/jesus-alfredo-guzman-salazar.html]
[www.dea.gov/sites/default/files/fugitives/fugitives/chi/mota.gif]
[www.dea.gov/fugitives/juan-carlos-mota.html]
[www.dea.gov/sites/default/files/2023-11/Oswaldo ESPINOSA.jpg]
[www.dea.gov/fugitives/oswaldo-espinosa.html]
[www.dea.gov/sites/default/files/fugitives/fugitives/chi/vasquez-durante.jpg]
[www.dea.gov/fugitives/pablo-vasquez-duarte.html]
[www.dea.gov/sites/default/files/fugitives/fugitives/chi/herrera.jpg]
[www.dea.gov/fugitives/pascual-herrera.html]
[www.dea.gov/sites/default/files/fugitives/fugitives/chi/lopez.jpg]
[www.dea.gov/fugitives/roberto-lopez.html]
[www.dea.gov/sites/default/files/2022-05/OLUKOY, Tayo.jpg]
[www.dea.gov/fugitives/tayo-muyiwa-olukoya.html]
[www.dea.gov/sites/default/files/fugitives/fugitives/chi/gonzalez.gif]
[www.dea.gov/fugitives/all544d.html]
[www.dea.gov/fugitives/thomas-francis-gonzalez.html]
[www.dea.gov/fugitives/all19dd.html]
[www.dea.gov/fugitives/all5893.html]
[www.dea.gov/fugitives/all282d.html]
[www.dea.gov/fugitives/allefdb.html]
[www.dea.gov/fugitives/allaae1.html]
[www.dea.gov/fugitives/all5dcc.html]
[www.dea.gov/fugitives/all183b.html]
[www.dea.gov/fugitives/all0c2c.html]
[www.dea.gov/fugitives/all6780.html]
[www.dea.gov/fugitives/allac65.html]
[www.dea.gov/sites/default/files/fugitives/fugitives/ne/zambrano.jpg]
[www.dea.gov/fugitives/carlos-orlando-zambrano-briceno.html]
[www.dea.gov/sites/default/files/fugitives/fugitives/ne/rojas.jpg]
[www.dea.gov/fugitives/carlos-rafael-rojas.html]
[www.dea.gov/sites/default/files/fugitives/fugitives/ne/osorio-garcia.jpg]
[www.dea.gov/fugitives/daniel-osorio-garcia.html]
[www.dea.gov/sites/default/files/fugitives/fugitives/ne/carmona.jpg]
[www.dea.gov/fugitives/jose-alberto-carmona-colmenares.html]
[www.dea.gov/sites/default/files/2018-08/Fugitive Julio Alex Diaz.jpg]
[www.dea.gov/fugitives/julio-alex-diaz.html]
[www.dea.gov/sites/default/files/fugitives/fugitives/ne/karner_matevz.jpg]
[www.dea.gov/fugitives/matevz-karner.html]
[www.dea.gov/sites/default/files/fugitives/fugitives/ne/karner_mihael.jpg]
[www.dea.gov/fugitives/mihael-karner.html]
[www.dea.gov/sites/default/files/fugitives/fugitives/ne/torres-colon.jpg]
[www.dea.gov/fugitives/roberto-torres-colon.html]
[www.dea.gov/sites/default/files/fugitives/fugitives/ne/garcia-ulises.jpg]
[www.dea.gov/fugitives/all4634.html]
[www.dea.gov/fugitives/ulises-garcia.html]
[www.dea.gov/fugitives/all769c.html]
[www.dea.gov/fugitives/all48e4.html]
[www.dea.gov/fugitives/all83dd.html]
[www.dea.gov/fugitives/all1dab.html]
[www.dea.gov/fugitives/all23f5.html]
[www.dea.gov/fugitives/allee78.html]
[www.dea.gov/fugitives/alle486.html]
[www.dea.gov/fugitives/alla443.html]
[www.dea.gov/fugitives/all647c.html]
[www.dea.gov/sites/default/files/2023-02/Photo.png]
[www.dea.gov/fugitives/isai-david-navarro-rivas.html]
[www.dea.gov/sites/default/files/2023-01/Jeff Marflak.png]
[www.dea.gov/fugitives/jeffery-steffen-marflak.html]
[www.dea.gov/sites/default/files/2023-01/Larry GAY bmv photo.png]
[www.dea.gov/fugitives/larry-gay.html]
[www.dea.gov/sites/default/files/2020-07/AVALOS-ZARATE, Luis Jose 1.jpg]
[www.dea.gov/fugitives/luis-jose-avalos-zarate.html]
[www.dea.gov/sites/default/files/fugitives/fugitives/det/akorede.jpg]
[www.dea.gov/fugitives/oluwasheun-akorede.html]
[www.dea.gov/sites/default/files/2023-01/RODRIGUEZ-RODRIGUEZ, Oswaldo.png]
[www.dea.gov/fugitives/oswaldo-rodriguez-rodriguez.html]
[www.dea.gov/sites/default/files/2020-07/ARCE-VALENZUELA, Sergio Antonio 1.jpg]
[www.dea.gov/fugitives/all3de9.html]
[www.dea.gov/fugitives/sergio-antonio-arce-valenzuela.html]
[www.dea.gov/fugitives/allcf3e.html]
[www.dea.gov/fugitives/all6131.html]
[www.dea.gov/fugitives/alla2ec.html]
[www.dea.gov/fugitives/all3b0d.html]
[www.dea.gov/fugitives/allfd56.html]
[www.dea.gov/fugitives/all4ccd.html]
[www.dea.gov/fugitives/allc2de.html]
[www.dea.gov/fugitives/allfd41.html]
[www.dea.gov/sites/default/files/2022-02/AAG_1.jpg]
[www.dea.gov/fugitives/alfonso-arzate-garcia.html]
[www.dea.gov/sites/default/files/2022-02/ALS.jpg]
[www.dea.gov/fugitives/alfonso-limon-sanchez.html]
[www.dea.gov/sites/default/files/2022-02/IZS.jpg]
[www.dea.gov/fugitives/ismael-zambada-sicairos.html]
[www.dea.gov/sites/default/files/fugitives/fugitives/sd/Rocha.jpg]
[www.dea.gov/fugitives/alldc9b.html]
[www.dea.gov/fugitives/mario-roberto-rocha.html]
[www.dea.gov/fugitives/all3ce2.html]
[www.dea.gov/fugitives/allb3f4.html]
[www.dea.gov/fugitives/allc5c3.html]
[www.dea.gov/fugitives/allf10d.html]
[www.dea.gov/fugitives/allbc12.html]
[www.dea.gov/fugitives/allfd16.html]
[www.dea.gov/fugitives/alledd4.html]
[www.dea.gov/sites/default/files/fugitives/fugitives/wdo/elizalde-luna.jpg]
[www.dea.gov/fugitives/alberto-elizalde-luna.html]
[www.dea.gov/sites/default/files/fugitives/fugitives/wdo/poosti.gif]
[www.dea.gov/fugitives/faramarz-poosti.html]
[www.dea.gov/sites/default/files/2022-05/Juan Carlos Bobadilla.jpg]
[www.dea.gov/fugitives/juan-carlos-montes-bobadilla.html]
[www.dea.gov/sites/default/files/2018-07/chen.gif]
[www.dea.gov/fugitives/kenny-jing-ang-chen.html]
[www.dea.gov/sites/default/files/fugitives/fugitives/wdo/elderini.jpg]
[www.dea.gov/fugitives/allac63.html]
[www.dea.gov/fugitives/waleed-gaffar-elderini.html]
[www.dea.gov/fugitives/allf536.html]
[www.dea.gov/fugitives/all2f19.html]
[www.dea.gov/fugitives/all05d1.html]
[www.dea.gov/fugitives/allca80.html]
[www.dea.gov/fugitives/all96ed.html]
[www.dea.gov/fugitives/allff06.html]
[www.dea.gov/sites/default/files/fugitives/fugitives/sea/ramirez-santos.jpg]
[www.dea.gov/fugitives/arturo-ramirez-santos.html]
[www.dea.gov/sites/default/files/fugitives/fugitives/sea/herrera-gonzalez.jpg]
[www.dea.gov/fugitives/eduardo-herrera-gonzalez.html]
[www.dea.gov/sites/default/files/fugitives/fugitives/sea/vaal-lopez.jpg]
[www.dea.gov/fugitives/martin-vaal-lopez.html]
[www.dea.gov/sites/default/files/fugitives/fugitives/sea/jones.jpg]
[www.dea.gov/fugitives/allb4ab.html]
[www.dea.gov/fugitives/trevor-alan-jones.html]
[www.dea.gov/fugitives/allcc5e.html]
[www.dea.gov/fugitives/all10f9.html]
[www.dea.gov/fugitives/all14ab.html]
[www.dea.gov/fugitives/allc9fd.html]
[www.dea.gov/fugitives/all4435.html]
[www.dea.gov/sites/default/files/fugitives/fugitives/nj/lopez.jpg]
[www.dea.gov/fugitives/juan-guillermo-lopez.html]
[www.dea.gov/sites/default/files/fugitives/fugitives/nj/serna.jpg]
[www.dea.gov/fugitives/maria-victoria-serna.html]
[www.dea.gov/sites/default/files/fugitives/fugitives/nj/vergara.jpg]
[www.dea.gov/fugitives/all0c95.html]
[www.dea.gov/fugitives/sylvio-vergara.html]
[www.dea.gov/fugitives/allcf82.html]
[www.dea.gov/fugitives/all3566.html]
[www.dea.gov/fugitives/allb7b3.html]
[www.dea.gov/fugitives/all1134.html]
[www.dea.gov/sites/default/files/fugitives/fugitives/phi/maria-acevedo.jpg]
[www.dea.gov/fugitives/davis-maria-acevedo.html]
[www.dea.gov/sites/default/files/fugitives/fugitives/phi/diaz.jpg]
[www.dea.gov/fugitives/gabriel-diaz.html]
[www.dea.gov/sites/default/files/fugitives/fugitives/phi/uy.jpg]
[www.dea.gov/fugitives/allfdb3.html]
[www.dea.gov/fugitives/all0fbf.html]
[www.dea.gov/fugitives/saovrithy-uy.html]
[www.dea.gov/fugitives/allc8a7.html]
[www.dea.gov/fugitives/all385c.html]
[www.dea.gov/fugitives/alle54f.html]
[www.dea.gov/fugitives/aaron-mahanaim-orozco-sandoval.html]
[www.dea.gov/fugitives/abdulkadir-yihdego.html]
[www.dea.gov/fugitives/abel-bustamante-duran.html]
[www.dea.gov/fugitives/abel-mendoza.html]
[www.dea.gov/fugitives/abigael-sanchez-lopez.html]
[www.dea.gov/fugitives/abner-neftali-cerrato.html]
[www.dea.gov/fugitives/abraham-angulo.html]
[www.dea.gov/fugitives/abraham-villasenor-landa.html]
[www.dea.gov/fugitives/abraham-vivanco-leon.html]
[www.dea.gov/fugitives/adan-salazar-zamorano.html]
[www.dea.gov/fugitives/all2679.html]
[www.dea.gov/fugitives/all4658.html]
[www.dea.gov/fugitives/all9ba9.html]
[www.dea.gov/fugitives/allda81.html]
[www.dea.gov/fugitives/all355b.html]
[www.dea.gov/fugitives/alld9a1.html]
[www.dea.gov/fugitives/alleb3d.html]
[www.dea.gov/fugitives/all76d7.html]
[www.dea.gov/fugitives/all3e7e.html]
[www.dea.gov/fugitives/all199f.html]
[www.dea.gov/fugitives/allf2be.html]
[www.dea.gov/fugitives/all14e0.html]
[www.dea.gov/fugitives/allffc5.html]
[www.dea.gov/fugitives/all000f.html]
[www.dea.gov/fugitives/all694a.html]
[www.dea.gov/fugitives/allaa39.html]
[www.dea.gov/fugitives/all8ad0.html]
[www.dea.gov/fugitives/allf065.html]
[www.dea.gov/fugitives/all73ee.html]
[www.dea.gov/fugitives/all5c4f.html]
[www.dea.gov/fugitives/alld5fb.html]
[www.dea.gov/fugitives/alle6a4.html]
[www.dea.gov/fugitives/allf6d7.html]
[www.dea.gov/fugitives/all8744.html]
[www.dea.gov/fugitives/all0ca7.html]
[www.dea.gov/fugitives/all7e5b.html]
[www.dea.gov/fugitives/allcf79.html]
[www.dea.gov/fugitives/all16d2.html]
[www.dea.gov/fugitives/all17ef.html]
[www.dea.gov/fugitives/alled5f.html]
[www.dea.gov/fugitives/adelmo-nunez-molina.html]
[www.dea.gov/fugitives/all8c74.html]
[www.dea.gov/fugitives/all8fd2.html]
[www.dea.gov/fugitives/allaed4.html]
[www.dea.gov/fugitives/alla78e.html]
[www.dea.gov/fugitives/all04cb.html]
[www.dea.gov/fugitives/all58b3.html]
[www.dea.gov/fugitives/all759a.html]
[www.dea.gov/fugitives/all32b8.html]
[www.dea.gov/fugitives/all0024.html]
[www.dea.gov/fugitives/all635b.html]
[www.dea.gov/fugitives/allb1d5.html]
[www.dea.gov/fugitives/all41ea.html]
[www.dea.gov/fugitives/allb88f.html]
[www.dea.gov/fugitives/allb30a.html]
[www.dea.gov/fugitives/alenka-karner.html]
[www.dea.gov/fugitives/alma-delia-cortez.html]
[www.dea.gov/fugitives/alma-nelly-del-rio-pompa.html]
[www.dea.gov/fugitives/amanda-christine-hoback.html]
[www.dea.gov/fugitives/amanda-marie-johnson.html]
[www.dea.gov/fugitives/amy-nichole-wells.html]
[www.dea.gov/fugitives/ana-felix.html]
